
> firefly@6.13.4 build C:\Users\admin\Desktop\Firefly
> node scripts/generate-icons.js && npx tsx scripts/generate-lqips.ts && astro build && npx tsx scripts/subset-fonts.ts && pagefind --site dist

🔍 扫描源文件中的图标使用...

📁 找到 21 个源文件

🎨 发现 21 个不同的图标:

   fa7-solid: 3 个图标
   material-symbols: 16 个图标
   mdi: 1 个图标
   svg-spinners: 1 个图标

✅ 成功加载 21 个图标

📝 已生成: C:\Users\admin\Desktop\Firefly\src\constants\icons.ts
📦 文件大小: 12.00 KB

Loaded 35 existing entries from src/constants/lqips.json
Found 35 images, 0 new to process.

Done! Processed 0/0 new images. Total: 35. Output: src/constants/lqips.json
[1m[31m[astro][39m[22m Unable to load your Astro config

[PARSE_ERROR] Unexpected token
    ╭─[ src/config/navBarConfig.ts:16:2 ]
    │
 16 │     ];
    │     ┬  
    │     ╰── 
────╯

  [1mStack trace:[22m
[2m    at transformWithOxc (file:///C:/Users/admin/Desktop/Firefly/node_modules/.pnpm/vite@8.1.0_@types+node@25.9.1_esbuild@0.28.1_jiti@2.7.0_stylus@0.64.0_terser@5.46.0_tsx@4.22.4_yaml@2.9.0/node_modules/vite/dist/node/chunks/node.js:3657:19)
    at EnvironmentPluginContainer.transform (file:///C:/Users/admin/Desktop/Firefly/node_modules/.pnpm/vite@8.1.0_@types+node@25.9.1_esbuild@0.28.1_jiti@2.7.0_stylus@0.64.0_terser@5.46.0_tsx@4.22.4_yaml@2.9.0/node_modules/vite/dist/node/chunks/node.js:29699:51)[22m
 ELIFECYCLE  Command failed with exit code 1.
